[2m2024-09-05T10:36:11.863182Z[0m [32m INFO[0m [2mzk_por_core::parser[0m[2m:[0m files: ["test-data/user-data/batch0.json", "test-data/user-data/batch1.json"]
1
[2m2024-09-05T10:36:12.309922Z[0m [32m INFO[0m [2mzk_por_cli::prover[0m[2m:[0m start to precompute circuits and empty proofs for 1 recursive levels
[2m2024-09-05T10:36:14.340963Z[0m [32m INFO[0m [2mzk_por_core::circuit_registry::registry[0m[2m:[0m build merkle sum tree circuit with batch size 1024 in : 2.030998569s
[2m2024-09-05T10:36:15.445007Z[0m [32m INFO[0m [2mzk_por_core::circuit_registry::registry[0m[2m:[0m prove merkle sum tree with batch size 1024 in : 1.102999558s
[2m2024-09-05T10:36:17.136763Z[0m [32m INFO[0m [2mplonky2::plonk::circuit_builder[0m[2m:[0m Adding 3838 blinding terms for witness polynomials, and 3840*2 for Z polynomials    
[2m2024-09-05T10:36:45.463441Z[0m [32m INFO[0m [2mzk_por_core::circuit_registry::registry[0m[2m:[0m build recursive circuit at level 0 in : 30.018023312s, with vd HashOut { elements: [11664690051955238983, 15964490755989032584, 462472693675553531, 13601106664145995752] }
[2m2024-09-05T10:37:10.299103Z[0m [32m INFO[0m [2mzk_por_core::circuit_registry::registry[0m[2m:[0m prove empty recursive subproofs at level 0 in : 24.823360284s
[2m2024-09-05T10:37:10.302598Z[0m [32m INFO[0m [2mzk_por_core::circuit_registry::registry[0m[2m:[0m finish init circuit registry with 1 recursive levels in 57.992641003s
[2m2024-09-05T10:37:10.302760Z[0m [32m INFO[0m [2mzk_por_cli::prover[0m[2m:[0m start to prove 4096 accounts with 220 tokens, 1024 batch size, 1 recursive level
[2m2024-09-05T10:37:12.778191Z[0m [32m INFO[0m [2mzk_por_cli::prover[0m[2m:[0m finish batch proving 4096 accounts, generating 4 proofs in 2.475415031s
[2m2024-09-05T10:37:12.778297Z[0m [32m INFO[0m [2mzk_por_cli::prover[0m[2m:[0m start to recursively prove 4 subproofs at level 1/1
[2m2024-09-05T10:37:12.778304Z[0m [32m INFO[0m [2mzk_por_cli::prover[0m[2m:[0m At level 1, 4 subproofs are not a multiple of RECURSION_BRANCHOUT_NUM 64, hence padding 60 empty proofs. 
[2m2024-09-05T10:37:35.825597Z[0m [32m INFO[0m [2mzk_por_cli::prover[0m[2m:[0m verify global mst in 5.388623ms
[2m2024-09-05T10:37:35.832272Z[0m [32m INFO[0m [2mzk_por_cli::prover[0m[2m:[0m finish recursive proving 4 subproofs in 12.070861ms
[2m2024-09-05T10:37:35.832281Z[0m [32m INFO[0m [2mzk_por_cli::prover[0m[2m:[0m root hash is HashOut { elements: [489202674962613624, 8502857343289100231, 15436559357645776159, 3337151773506856907] }
[2m2024-09-05T10:37:35.832286Z[0m [32m INFO[0m [2mzk_por_core::global[0m[2m:[0m start to persist gmst into db of size: 8249
[2m2024-09-05T10:37:35.832472Z[0m [32m INFO[0m [2mzk_por_cli::prover[0m[2m:[0m persist gmst to db in 182.373µs
[2m2024-09-05T10:37:35.836372Z[0m [32m INFO[0m [2mzk_por_core::parser[0m[2m:[0m files: ["test-data/user-data/batch0.json", "test-data/user-data/batch1.json"]
[2m2024-09-05T10:37:36.289232Z[0m [32m INFO[0m [2mzk_por_cli::prover[0m[2m:[0m start to generate and dump merkle proof for each of 4096 accounts
[2m2024-09-05T10:37:36.681496Z[0m [32m INFO[0m [2mzk_por_cli::prover[0m[2m:[0m finish dumping global proof and user proofs in 849.20131ms
result: Ok(()), elapsed: 85.300849208s
